[    0.000000] Booting Linux on physical CPU 0x0000000000 [0x414fd0b0]
[    0.000000] Linux version 6.6.134-0-virt (buildozer@build-3-20-aarch64) (gcc (Alpine 13.2.1_git20240309) 13.2.1 20240309, GNU ld (GNU Binutils) 2.42) #1-Alpine SMP PREEMPT_DYNAMIC 2026-04-11 17:03:51
[    0.000000] random: crng init done
[    0.000000] Machine model: linux,dummy-virt
[    0.000000] efi: UEFI not found.
[    0.000000] NUMA: No NUMA configuration found
[    0.000000] NUMA: Faking a node at [mem 0x0000000040000000-0x000000007fffffff]
[    0.000000] NUMA: NODE_DATA [mem 0x7fbedc80-0x7fbeffff]
[    0.000000] Zone ranges:
[    0.000000]   DMA      [mem 0x0000000040000000-0x000000007fffffff]
[    0.000000]   DMA32    empty
[    0.000000]   Normal   empty
[    0.000000] Movable zone start for each node
[    0.000000] Early memory node ranges
[    0.000000]   node   0: [mem 0x0000000040000000-0x000000007fffffff]
[    0.000000] Initmem setup node 0 [mem 0x0000000040000000-0x000000007fffffff]
[    0.000000] psci: probing for conduit method from DT.
[    0.000000] psci: PSCIv1.0 detected in firmware.
[    0.000000] psci: Using standard PSCI v0.2 function IDs
[    0.000000] psci: Trusted OS migration not required
[    0.000000] psci: SMC Calling Convention v1.1
[    0.000000] percpu: Embedded 31 pages/cpu s89512 r8192 d29272 u126976
[    0.000000] Detected PIPT I-cache on CPU0
[    0.000000] CPU features: detected: GIC system register CPU interface
[    0.000000] CPU features: detected: Hardware dirty bit management
[    0.000000] CPU features: detected: Spectre-v4
[    0.000000] CPU features: detected: Spectre-BHB
[    0.000000] CPU features: detected: SSBS not fully self-synchronizing
[    0.000000] alternatives: applying boot alternatives
[    0.000000] Kernel command line: console=ttyAMA0 rdinit=/init
[    0.000000] Dentry cache hash table entries: 131072 (order: 8, 1048576 bytes, linear)
[    0.000000] Inode-cache hash table entries: 65536 (order: 7, 524288 bytes, linear)
[    0.000000] Fallback order for Node 0: 0 
[    0.000000] Built 1 zonelists, mobility grouping on.  Total pages: 258048
[    0.000000] Policy zone: DMA
[    0.000000] mem auto-init: stack:all(zero), heap alloc:on, heap free:off
[    0.000000] software IO TLB: area num 1.
[    0.000000] software IO TLB: mapped [mem 0x000000007a9b7000-0x000000007e9b7000] (64MB)
[    0.000000] Memory: 924156K/1048576K available (11776K kernel code, 1836K rwdata, 7148K rodata, 3264K init, 9347K bss, 124420K reserved, 0K cma-reserved)
[    0.000000] SLUB: HWalign=64, Order=0-3, MinObjects=0, CPUs=1, Nodes=1
[    0.000000] Dynamic Preempt: none
[    0.000000] rcu: Preemptible hierarchical RCU implementation.
[    0.000000] rcu: 	RCU restricting CPUs from NR_CPUS=4096 to nr_cpu_ids=1.
[    0.000000] 	Trampoline variant of Tasks RCU enabled.
[    0.000000] 	Tracing variant of Tasks RCU enabled.
[    0.000000] rcu: RCU calculated value of scheduler-enlistment delay is 10 jiffies.
[    0.000000] rcu: Adjusting geometry for rcu_fanout_leaf=16, nr_cpu_ids=1
[    0.000000] NR_IRQS: 64, nr_irqs: 64, preallocated irqs: 0
[    0.000000] GICv3: 256 SPIs implemented
[    0.000000] GICv3: 0 Extended SPIs implemented
[    0.000000] Root IRQ handler: gic_handle_irq
[    0.000000] GICv3: GICv3 features: 16 PPIs
[    0.000000] GICv3: CPU0: found redistributor 0 region 0:0x00000000080a0000
[    0.000000] ITS [mem 0x08080000-0x0809ffff]
[    0.000000] ITS@0x0000000008080000: allocated 8192 Devices @424e0000 (indirect, esz 8, psz 64K, shr 1)
[    0.000000] ITS@0x0000000008080000: allocated 8192 Interrupt Collections @424f0000 (flat, esz 8, psz 64K, shr 1)
[    0.000000] GICv3: using LPI property table @0x0000000042500000
[    0.000000] GICv3: CPU0: using allocated LPI pending table @0x0000000042510000
[    0.000000] rcu: srcu_init: Setting srcu_struct sizes based on contention.
[    0.000000] arch_timer: cp15 timer(s) running at 13.00MHz (virt).
[    0.000000] clocksource: arch_sys_counter: mask: 0xffffffffffffff max_cycles: 0x2ff89eacb, max_idle_ns: 440795202429 ns
[    0.000000] sched_clock: 56 bits at 13MHz, resolution 76ns, wraps every 4398046511101ns
[    0.000196] kfence: initialized - using 2097152 bytes for 255 objects at 0x(____ptrval____)-0x(____ptrval____)
[    0.000324] Console: colour dummy device 80x25
[    0.000402] Calibrating delay loop (skipped), value calculated using timer frequency.. 26.00 BogoMIPS (lpj=130000)
[    0.000406] pid_max: default: 32768 minimum: 301
[    0.000458] LSM: initializing lsm=lockdown,capability,landlock,integrity
[    0.000504] landlock: Up and running.
[    0.000585] Mount-cache hash table entries: 2048 (order: 2, 16384 bytes, linear)
[    0.000603] Mountpoint-cache hash table entries: 2048 (order: 2, 16384 bytes, linear)
[    0.001554] cacheinfo: Unable to detect cache hierarchy for CPU 0
[    0.002060] RCU Tasks: Setting shift to 0 and lim to 1 rcu_task_cb_adjust=1 rcu_task_cpu_ids=1.
[    0.002094] RCU Tasks Trace: Setting shift to 0 and lim to 1 rcu_task_cb_adjust=1 rcu_task_cpu_ids=1.
[    0.002262] rcu: Hierarchical SRCU implementation.
[    0.002264] rcu: 	Max phase no-delay instances is 1000.
[    0.002685] Platform MSI: its@8080000 domain created
[    0.002700] PCI/MSI: /intc@8000000/its@8080000 domain created
[    0.002708] EFI services will not be available.
[    0.002812] smp: Bringing up secondary CPUs ...
[    0.002823] smp: Brought up 1 node, 1 CPU
[    0.002824] SMP: Total of 1 processors activated.
[    0.002827] CPU features: detected: 32-bit EL0 Support
[    0.002829] CPU features: detected: Data cache clean to the PoU not required for I/D coherence
[    0.002831] CPU features: detected: Common not Private translations
[    0.002832] CPU features: detected: CRC32 instructions
[    0.002835] CPU features: detected: RCpc load-acquire (LDAPR)
[    0.002836] CPU features: detected: LSE atomic instructions
[    0.002840] CPU features: detected: Privileged Access Never
[    0.002842] CPU features: detected: RAS Extension Support
[    0.002844] CPU features: detected: Speculative Store Bypassing Safe (SSBS)
[    0.002886] CPU: All CPU(s) started at EL1
[    0.002893] alternatives: applying system-wide alternatives
[    0.006982] devtmpfs: initialized
[    0.007874] clocksource: jiffies: mask: 0xffffffff max_cycles: 0xffffffff, max_idle_ns: 19112604462750000 ns
[    0.007896] futex hash table entries: 256 (order: 2, 16384 bytes, linear)
[    0.007963] pinctrl core: initialized pinctrl subsystem
[    0.008061] DMI not present or invalid.
[    0.008285] NET: Registered PF_NETLINK/PF_ROUTE protocol family
[    0.008556] DMA: preallocated 128 KiB GFP_KERNEL pool for atomic allocations
[    0.008696] DMA: preallocated 128 KiB GFP_KERNEL|GFP_DMA pool for atomic allocations
[    0.008836] DMA: preallocated 128 KiB GFP_KERNEL|GFP_DMA32 pool for atomic allocations
[    0.008868] audit: initializing netlink subsys (disabled)
[    0.009049] thermal_sys: Registered thermal governor 'step_wise'
[    0.009073] audit: type=2000 audit(0.000:1): state=initialized audit_enabled=0 res=1
[    0.009077] cpuidle: using governor ladder
[    0.009081] cpuidle: using governor menu
[    0.009113] hw-breakpoint: found 6 breakpoint and 4 watchpoint registers.
[    0.009126] ASID allocator initialised with 65536 entries
[    0.009188] Serial: AMBA PL011 UART driver
[    0.015098] 9000000.pl011: ttyAMA0 at MMIO 0x9000000 (irq = 13, base_baud = 0) is a PL011 rev1
[    0.015602] printk: console [ttyAMA0] enabled
[    1.225856] Modules: 24368 pages in range for non-PLT usage
[    1.225861] Modules: 515888 pages in range for PLT usage
[    1.247057] HugeTLB: registered 1.00 GiB page size, pre-allocated 0 pages
[    1.281359] HugeTLB: 0 KiB vmemmap can be freed for a 1.00 GiB page
[    1.297705] HugeTLB: registered 32.0 MiB page size, pre-allocated 0 pages
[    1.311138] HugeTLB: 0 KiB vmemmap can be freed for a 32.0 MiB page
[    1.321278] HugeTLB: registered 2.00 MiB page size, pre-allocated 0 pages
[    1.327701] HugeTLB: 0 KiB vmemmap can be freed for a 2.00 MiB page
[    1.334473] HugeTLB: registered 64.0 KiB page size, pre-allocated 0 pages
[    1.345030] HugeTLB: 0 KiB vmemmap can be freed for a 64.0 KiB page
[    1.361653] ACPI: Interpreter disabled.
[    1.366670] iommu: Default domain type: Translated
[    1.374747] iommu: DMA domain TLB invalidation policy: lazy mode
[    1.386887] clocksource: Switched to clocksource arch_sys_counter
[    1.397312] VFS: Disk quotas dquot_6.6.0
[    1.404816] VFS: Dquot-cache hash table entries: 512 (order 0, 4096 bytes)
[    1.419522] pnp: PnP ACPI: disabled
[    1.430890] NET: Registered PF_INET protocol family
[    1.441466] IP idents hash table entries: 16384 (order: 5, 131072 bytes, linear)
[    1.453352] tcp_listen_portaddr_hash hash table entries: 512 (order: 1, 8192 bytes, linear)
[    1.468347] Table-perturb hash table entries: 65536 (order: 6, 262144 bytes, linear)
[    1.478221] TCP established hash table entries: 8192 (order: 4, 65536 bytes, linear)
[    1.488841] TCP bind hash table entries: 8192 (order: 6, 262144 bytes, linear)
[    1.496806] TCP: Hash tables configured (established 8192 bind 8192)
[    1.509172] MPTCP token hash table entries: 1024 (order: 3, 24576 bytes, linear)
[    1.522003] UDP hash table entries: 512 (order: 2, 16384 bytes, linear)
[    1.539184] UDP-Lite hash table entries: 512 (order: 2, 16384 bytes, linear)
[    1.560220] NET: Registered PF_UNIX/PF_LOCAL protocol family
[    1.572767] NET: Registered PF_XDP protocol family
[    1.581882] PCI: CLS 0 bytes, default 64
[    1.589591] Unpacking initramfs...
[    1.616961] kvm [1]: HYP mode not available
[    1.623365] Initialise system trusted keyrings
[    1.631109] Freeing initrd memory: 980K
[    1.638888] workingset: timestamp_bits=44 max_order=18 bucket_order=0
[    1.649325] zbud: loaded
[    1.662065] Key type asymmetric registered
[    1.669691] Asymmetric key parser 'x509' registered
[    1.677848] Block layer SCSI generic (bsg) driver version 0.4 loaded (major 249)
[    1.687487] io scheduler mq-deadline registered
[    1.692864] io scheduler kyber registered
[    1.699691] io scheduler bfq registered
[    1.709817] pci-host-generic 4010000000.pcie: host bridge /pcie@10000000 ranges:
[    1.726632] pci-host-generic 4010000000.pcie:       IO 0x003eff0000..0x003effffff -> 0x0000000000
[    1.748154] pci-host-generic 4010000000.pcie:      MEM 0x0010000000..0x003efeffff -> 0x0010000000
[    1.766607] pci-host-generic 4010000000.pcie:      MEM 0x8000000000..0xffffffffff -> 0x8000000000
[    1.788169] pci-host-generic 4010000000.pcie: Memory resource size exceeds max for 32 bits
[    1.805083] pci-host-generic 4010000000.pcie: ECAM at [mem 0x4010000000-0x401fffffff] for [bus 00-ff]
[    1.824220] pci-host-generic 4010000000.pcie: PCI host bridge to bus 0000:00
[    1.833902] pci_bus 0000:00: root bus resource [bus 00-ff]
[    1.842161] pci_bus 0000:00: root bus resource [io  0x0000-0xffff]
[    1.848291] pci_bus 0000:00: root bus resource [mem 0x10000000-0x3efeffff]
[    1.856444] pci_bus 0000:00: root bus resource [mem 0x8000000000-0xffffffffff]
[    1.871254] pci 0000:00:00.0: [1b36:0008] type 00 class 0x060000
[    1.898093] Serial: 8250/16550 driver, 4 ports, IRQ sharing enabled
[    1.916940] rtc-pl031 9010000.pl031: registered as rtc0
[    1.925271] rtc-pl031 9010000.pl031: setting system clock to 2026-09-13T08:04:40 UTC (1789286680)
[    1.954190] NET: Registered PF_INET6 protocol family
[    1.964302] Segment Routing with IPv6
[    1.971136] In-situ OAM (IOAM) with IPv6
[    1.993975] registered taskstats version 1
[    2.002341] Loading compiled-in X.509 certificates
[    2.012952] Loaded X.509 cert 'alpinelinux.org: Alpine Linux kernel key: 87fa969a47f3e2a6aa35859eb932a17c95abcd82'
[    2.036762] Key type .fscrypt registered
[    2.044759] Key type fscrypt-provisioning registered
[    2.052744] clk: Disabling unused clocks
[    2.058515] uart-pl011 9000000.pl011: no DMA platform data
[    2.069989] Freeing unused kernel memory: 3264K
[    2.078398] Run /init as init process
===== GUEST INITRAMFS SHELL RUNNING ON KVM =====


BusyBox v1.36.1 (Ubuntu 1:1.36.1-6ubuntu3.1) built-in shell (ash)
Enter 'help' for a list of built-in commands.

sh: can't access tty; job control turned off
~ # [6necho E2E_MARK_2
E2E_MARK_2
~ # uname -m
aarch64
~ # echo ---E2E_DONE---
---E2E_DONE---
~ # poweroff -f
[    7.629012] reboot: Power down
