[    0.000000] Booting Linux on physical CPU 0x0000000000 [0x414fd0b0]
[    0.000000] Linux version 6.6.134-0-virt (buildozer@build-3-20-aarch64) (gcc (Alpine 13.2.1_git20240309) 13.2.1 20240309, GNU ld (GNU Binutils) 2.42) #1-Alpine SMP PREEMPT_DYNAMIC 2026-04-11 17:03:51
[    0.000000] random: crng init done
[    0.000000] Machine model: linux,dummy-virt
[    0.000000] efi: UEFI not found.
[    0.000000] NUMA: No NUMA configuration found
[    0.000000] NUMA: Faking a node at [mem 0x0000000040000000-0x000000007fffffff]
[    0.000000] NUMA: NODE_DATA [mem 0x7fbedc80-0x7fbeffff]
[    0.000000] Zone ranges:
[    0.000000]   DMA      [mem 0x0000000040000000-0x000000007fffffff]
[    0.000000]   DMA32    empty
[    0.000000]   Normal   empty
[    0.000000] Movable zone start for each node
[    0.000000] Early memory node ranges
[    0.000000]   node   0: [mem 0x0000000040000000-0x000000007fffffff]
[    0.000000] Initmem setup node 0 [mem 0x0000000040000000-0x000000007fffffff]
[    0.000000] psci: probing for conduit method from DT.
[    0.000000] psci: PSCIv1.0 detected in firmware.
[    0.000000] psci: Using standard PSCI v0.2 function IDs
[    0.000000] psci: Trusted OS migration not required
[    0.000000] psci: SMC Calling Convention v1.1
[    0.000000] percpu: Embedded 31 pages/cpu s89512 r8192 d29272 u126976
[    0.000000] Detected PIPT I-cache on CPU0
[    0.000000] CPU features: detected: GIC system register CPU interface
[    0.000000] CPU features: detected: Hardware dirty bit management
[    0.000000] CPU features: detected: Spectre-v4
[    0.000000] CPU features: detected: Spectre-BHB
[    0.000000] CPU features: detected: SSBS not fully self-synchronizing
[    0.000000] alternatives: applying boot alternatives
[    0.000000] Kernel command line: console=ttyAMA0 rdinit=/init
[    0.000000] Dentry cache hash table entries: 131072 (order: 8, 1048576 bytes, linear)
[    0.000000] Inode-cache hash table entries: 65536 (order: 7, 524288 bytes, linear)
[    0.000000] Fallback order for Node 0: 0 
[    0.000000] Built 1 zonelists, mobility grouping on.  Total pages: 258048
[    0.000000] Policy zone: DMA
[    0.000000] mem auto-init: stack:all(zero), heap alloc:on, heap free:off
[    0.000000] software IO TLB: area num 1.
[    0.000000] software IO TLB: mapped [mem 0x000000007a9b7000-0x000000007e9b7000] (64MB)
[    0.000000] Memory: 924156K/1048576K available (11776K kernel code, 1836K rwdata, 7148K rodata, 3264K init, 9347K bss, 124420K reserved, 0K cma-reserved)
[    0.000000] SLUB: HWalign=64, Order=0-3, MinObjects=0, CPUs=1, Nodes=1
[    0.000000] Dynamic Preempt: none
[    0.000000] rcu: Preemptible hierarchical RCU implementation.
[    0.000000] rcu: 	RCU restricting CPUs from NR_CPUS=4096 to nr_cpu_ids=1.
[    0.000000] 	Trampoline variant of Tasks RCU enabled.
[    0.000000] 	Tracing variant of Tasks RCU enabled.
[    0.000000] rcu: RCU calculated value of scheduler-enlistment delay is 10 jiffies.
[    0.000000] rcu: Adjusting geometry for rcu_fanout_leaf=16, nr_cpu_ids=1
[    0.000000] NR_IRQS: 64, nr_irqs: 64, preallocated irqs: 0
[    0.000000] GICv3: 256 SPIs implemented
[    0.000000] GICv3: 0 Extended SPIs implemented
[    0.000000] Root IRQ handler: gic_handle_irq
[    0.000000] GICv3: GICv3 features: 16 PPIs
[    0.000000] GICv3: CPU0: found redistributor 0 region 0:0x00000000080a0000
[    0.000000] ITS [mem 0x08080000-0x0809ffff]
[    0.000000] ITS@0x0000000008080000: allocated 8192 Devices @424e0000 (indirect, esz 8, psz 64K, shr 1)
[    0.000000] ITS@0x0000000008080000: allocated 8192 Interrupt Collections @424f0000 (flat, esz 8, psz 64K, shr 1)
[    0.000000] GICv3: using LPI property table @0x0000000042500000
[    0.000000] GICv3: CPU0: using allocated LPI pending table @0x0000000042510000
[    0.000000] rcu: srcu_init: Setting srcu_struct sizes based on contention.
[    0.000000] arch_timer: cp15 timer(s) running at 13.00MHz (virt).
[    0.000000] clocksource: arch_sys_counter: mask: 0xffffffffffffff max_cycles: 0x2ff89eacb, max_idle_ns: 440795202429 ns
[    0.000000] sched_clock: 56 bits at 13MHz, resolution 76ns, wraps every 4398046511101ns
[    0.000222] kfence: initialized - using 2097152 bytes for 255 objects at 0x(____ptrval____)-0x(____ptrval____)
[    0.000355] Console: colour dummy device 80x25
[    0.000441] Calibrating delay loop (skipped), value calculated using timer frequency.. 26.00 BogoMIPS (lpj=130000)
[    0.000446] pid_max: default: 32768 minimum: 301
[    0.000500] LSM: initializing lsm=lockdown,capability,landlock,integrity
[    0.000546] landlock: Up and running.
[    0.000632] Mount-cache hash table entries: 2048 (order: 2, 16384 bytes, linear)
[    0.000659] Mountpoint-cache hash table entries: 2048 (order: 2, 16384 bytes, linear)
[    0.001740] cacheinfo: Unable to detect cache hierarchy for CPU 0
[    0.002299] RCU Tasks: Setting shift to 0 and lim to 1 rcu_task_cb_adjust=1 rcu_task_cpu_ids=1.
[    0.002339] RCU Tasks Trace: Setting shift to 0 and lim to 1 rcu_task_cb_adjust=1 rcu_task_cpu_ids=1.
[    0.002549] rcu: Hierarchical SRCU implementation.
[    0.002552] rcu: 	Max phase no-delay instances is 1000.
[    0.003027] Platform MSI: its@8080000 domain created
[    0.003044] PCI/MSI: /intc@8000000/its@8080000 domain created
[    0.003052] EFI services will not be available.
[    0.003171] smp: Bringing up secondary CPUs ...
[    0.003185] smp: Brought up 1 node, 1 CPU
[    0.003187] SMP: Total of 1 processors activated.
[    0.003191] CPU features: detected: 32-bit EL0 Support
[    0.003193] CPU features: detected: Data cache clean to the PoU not required for I/D coherence
[    0.003195] CPU features: detected: Common not Private translations
[    0.003196] CPU features: detected: CRC32 instructions
[    0.003199] CPU features: detected: RCpc load-acquire (LDAPR)
[    0.003200] CPU features: detected: LSE atomic instructions
[    0.003204] CPU features: detected: Privileged Access Never
[    0.003205] CPU features: detected: RAS Extension Support
[    0.003208] CPU features: detected: Speculative Store Bypassing Safe (SSBS)
[    0.003255] CPU: All CPU(s) started at EL1
[    0.003262] alternatives: applying system-wide alternatives
[    0.007380] devtmpfs: initialized
[    0.008253] clocksource: jiffies: mask: 0xffffffff max_cycles: 0xffffffff, max_idle_ns: 19112604462750000 ns
[    0.008275] futex hash table entries: 256 (order: 2, 16384 bytes, linear)
[    0.008342] pinctrl core: initialized pinctrl subsystem
[    0.008430] DMI not present or invalid.
[    0.008643] NET: Registered PF_NETLINK/PF_ROUTE protocol family
[    0.008924] DMA: preallocated 128 KiB GFP_KERNEL pool for atomic allocations
[    0.009064] DMA: preallocated 128 KiB GFP_KERNEL|GFP_DMA pool for atomic allocations
[    0.009256] DMA: preallocated 128 KiB GFP_KERNEL|GFP_DMA32 pool for atomic allocations
[    0.009287] audit: initializing netlink subsys (disabled)
[    0.009505] thermal_sys: Registered thermal governor 'step_wise'
[    0.009531] audit: type=2000 audit(0.000:1): state=initialized audit_enabled=0 res=1
[    0.009535] cpuidle: using governor ladder
[    0.009539] cpuidle: using governor menu
[    0.009575] hw-breakpoint: found 6 breakpoint and 4 watchpoint registers.
[    0.009590] ASID allocator initialised with 65536 entries
[    0.009657] Serial: AMBA PL011 UART driver
[    0.013815] 9000000.pl011: ttyAMA0 at MMIO 0x9000000 (irq = 13, base_baud = 0) is a PL011 rev1
[    0.014160] printk: console [ttyAMA0] enabled
[    1.538653] Modules: 24368 pages in range for non-PLT usage
[    1.538657] Modules: 515888 pages in range for PLT usage
[    1.551410] HugeTLB: registered 1.00 GiB page size, pre-allocated 0 pages
[    1.571857] HugeTLB: 0 KiB vmemmap can be freed for a 1.00 GiB page
[    1.579831] HugeTLB: registered 32.0 MiB page size, pre-allocated 0 pages
[    1.587484] HugeTLB: 0 KiB vmemmap can be freed for a 32.0 MiB page
[    1.595745] HugeTLB: registered 2.00 MiB page size, pre-allocated 0 pages
[    1.608573] HugeTLB: 0 KiB vmemmap can be freed for a 2.00 MiB page
[    1.619866] HugeTLB: registered 64.0 KiB page size, pre-allocated 0 pages
[    1.629594] HugeTLB: 0 KiB vmemmap can be freed for a 64.0 KiB page
[    1.642888] ACPI: Interpreter disabled.
[    1.651701] iommu: Default domain type: Translated
[    1.658653] iommu: DMA domain TLB invalidation policy: lazy mode
[    1.668104] clocksource: Switched to clocksource arch_sys_counter
[    1.680364] VFS: Disk quotas dquot_6.6.0
[    1.685555] VFS: Dquot-cache hash table entries: 512 (order 0, 4096 bytes)
[    1.696669] pnp: PnP ACPI: disabled
[    1.704805] NET: Registered PF_INET protocol family
[    1.711911] IP idents hash table entries: 16384 (order: 5, 131072 bytes, linear)
[    1.723495] tcp_listen_portaddr_hash hash table entries: 512 (order: 1, 8192 bytes, linear)
[    1.735811] Table-perturb hash table entries: 65536 (order: 6, 262144 bytes, linear)
[    1.750517] TCP established hash table entries: 8192 (order: 4, 65536 bytes, linear)
[    1.770895] TCP bind hash table entries: 8192 (order: 6, 262144 bytes, linear)
[    1.783725] TCP: Hash tables configured (established 8192 bind 8192)
[    1.796699] MPTCP token hash table entries: 1024 (order: 3, 24576 bytes, linear)
[    1.808176] UDP hash table entries: 512 (order: 2, 16384 bytes, linear)
[    1.816011] UDP-Lite hash table entries: 512 (order: 2, 16384 bytes, linear)
[    1.827785] NET: Registered PF_UNIX/PF_LOCAL protocol family
[    1.840132] NET: Registered PF_XDP protocol family
[    1.853485] PCI: CLS 0 bytes, default 64
[    1.865929] Unpacking initramfs...
[    1.888378] kvm [1]: HYP mode not available
[    1.897009] Initialise system trusted keyrings
[    1.913933] Freeing initrd memory: 980K
[    1.922230] workingset: timestamp_bits=44 max_order=18 bucket_order=0
[    1.931723] zbud: loaded
[    1.944564] Key type asymmetric registered
[    1.951844] Asymmetric key parser 'x509' registered
[    1.959676] Block layer SCSI generic (bsg) driver version 0.4 loaded (major 249)
[    1.969171] io scheduler mq-deadline registered
[    1.975853] io scheduler kyber registered
[    1.981990] io scheduler bfq registered
[    1.989460] pci-host-generic 4010000000.pcie: host bridge /pcie@10000000 ranges:
[    2.002440] pci-host-generic 4010000000.pcie:       IO 0x003eff0000..0x003effffff -> 0x0000000000
[    2.019267] pci-host-generic 4010000000.pcie:      MEM 0x0010000000..0x003efeffff -> 0x0010000000
[    2.039339] pci-host-generic 4010000000.pcie:      MEM 0x8000000000..0xffffffffff -> 0x8000000000
[    2.058745] pci-host-generic 4010000000.pcie: Memory resource size exceeds max for 32 bits
[    2.076537] pci-host-generic 4010000000.pcie: ECAM at [mem 0x4010000000-0x401fffffff] for [bus 00-ff]
[    2.095931] pci-host-generic 4010000000.pcie: PCI host bridge to bus 0000:00
[    2.106234] pci_bus 0000:00: root bus resource [bus 00-ff]
[    2.114182] pci_bus 0000:00: root bus resource [io  0x0000-0xffff]
[    2.127784] pci_bus 0000:00: root bus resource [mem 0x10000000-0x3efeffff]
[    2.141346] pci_bus 0000:00: root bus resource [mem 0x8000000000-0xffffffffff]
[    2.159029] pci 0000:00:00.0: [1b36:0008] type 00 class 0x060000
[    2.183096] Serial: 8250/16550 driver, 4 ports, IRQ sharing enabled
[    2.206240] rtc-pl031 9010000.pl031: registered as rtc0
[    2.218296] rtc-pl031 9010000.pl031: setting system clock to 2026-09-13T08:04:32 UTC (1789286672)
[    2.265125] NET: Registered PF_INET6 protocol family
[    2.276721] Segment Routing with IPv6
[    2.284296] In-situ OAM (IOAM) with IPv6
[    2.308040] registered taskstats version 1
[    2.315721] Loading compiled-in X.509 certificates
[    2.326181] Loaded X.509 cert 'alpinelinux.org: Alpine Linux kernel key: 87fa969a47f3e2a6aa35859eb932a17c95abcd82'
[    2.343140] Key type .fscrypt registered
[    2.349855] Key type fscrypt-provisioning registered
[    2.357193] clk: Disabling unused clocks
[    2.362141] uart-pl011 9000000.pl011: no DMA platform data
[    2.371955] Freeing unused kernel memory: 3264K
[    2.378501] Run /init as init process
===== GUEST INITRAMFS SHELL RUNNING ON KVM =====


BusyBox v1.36.1 (Ubuntu 1:1.36.1-6ubuntu3.1) built-in shell (ash)
Enter 'help' for a list of built-in commands.

sh: can't access tty; job control turned off
~ # [6necho E2E_MARK_1
E2E_MARK_1
~ # uname -m
aarch64
~ # echo ---E2E_DONE---
---E2E_DONE---
~ # poweroff -f
[    7.540159] reboot: Power down
